// Jest Snapshot v1, https://goo.gl/fbAQLP

exports[`renders without errors 1`] = `
<Fragment>
  <h2
    className="learningResourcesHeader"
  >
    Learning Resources
  </h2>
  <ul>
    <li>
      <a
        href="https://www.figur8.net/2015/10/22/music-resources-for-perfect-pitch-training/"
      >
        More Training Resources
      </a>
    </li>
    <li>
      <a
        href="https://newatlas.com/adults-perfect-pitch-training/37786/"
      >
        Study on Perfect Pitch
      </a>
    </li>
  </ul>
</Fragment>
`;
